// Jest Snapshot v1, https://goo.gl/fbAQLP

exports[`CharacterDetail component renders CharacterDetail 1`] = `
<DocumentFragment>
  <figure
    data-testid="character"
  >
    <img
      alt="Admiral"
      src="https://vignette.wikia.nocookie.net/animalcrossing/images/e/ed/Admiral_NH.png/revision/latest?cb=20200802081138"
    />
    <figcaption>
      Admiral
    </figcaption>
  </figure>
</DocumentFragment>
`;
