// Jest Snapshot v1, https://goo.gl/fbAQLP

exports[`Character component renders Character 1`] = `
<DocumentFragment>
  <figure>
    <img
      alt="Admiral"
      src="https://vignette.wikia.nocookie.net/animalcrossing/images/e/ed/Admiral_NH.png/revision/latest?cb=20200802081138"
      style="width: 200px;"
    />
    <figcaption>
      Admiral
    </figcaption>
  </figure>
</DocumentFragment>
`;
